계산 대상 1463건 / 전체 1463건
  [pool] non-small cell lung cancer: 3000건 (기간 있음 2939)
  [pool] atopic dermatitis: 1428건 (기간 있음 1418)
  [pool] type 2 diabetes: 3000건 (기간 있음 2969)
  ... 200/1463
  [pool] rheumatoid arthritis: 2549건 (기간 있음 2511)
  [pool] alzheimer disease: 3000건 (기간 있음 2971)
  ... 400/1463
  [pool] pancreatic cancer: 3000건 (기간 있음 2958)
  ... 600/1463
  [pool] glioblastoma: 1997건 (기간 있음 1955)
  [pool] amyotrophic lateral sclerosis: 707건 (기간 있음 702)
  [pool] idiopathic pulmonary fibrosis: 430건 (기간 있음 428)
  [pool] systemic lupus erythematosus: 1095건 (기간 있음 1072)
  [pool] sickle cell disease: 858건 (기간 있음 852)
  [pool] cystic fibrosis: 1207건 (기간 있음 1195)
  ... 800/1463
  [pool] acute myeloid leukemia: 3000건 (기간 있음 2949)
  [pool] ovarian cancer: 3000건 (기간 있음 2944)
  [pool] heart failure: 3000건 (기간 있음 2969)
  ... 1000/1463
  ... 1200/1463
  ... 1400/1463

data/competition_features.json — 1463건

======================================================================
경쟁 밀도 피처의 구분력
======================================================================

[n_concurrent_trials]
  완주             n=587  중앙값=       257 25%=        92 75%=       321
  중단-모집실패        n=109  중앙값=       310 25%=       256 75%=       393
  중단-경쟁환경        n=6    중앙값=       300 25%=       288 75%=       338
  중단-과학적         n=107  중앙값=       274 25%=       145 75%=       328
  중단-경영          n=138  중앙값=       291 25%=       247 75%=       401
  AUC 모집실패 vs 완주 = 0.665  95% CI [0.615, 0.713]
  AUC 경쟁환경 vs 완주 = 0.707  (n=6, 참고용)

[n_concurrent_phase2]
  완주             n=587  중앙값=        49 25%=        29 75%=       136
  중단-모집실패        n=109  중앙값=       140 25%=        51 75%=       173
  중단-경쟁환경        n=6    중앙값=       134 25%=        62 75%=       145
  중단-과학적         n=107  중앙값=        55 25%=        36 75%=       138
  중단-경영          n=138  중앙값=        71 25%=        41 75%=       165
  AUC 모집실패 vs 완주 = 0.682  95% CI [0.629, 0.736]
  AUC 경쟁환경 vs 완주 = 0.715  (n=6, 참고용)

[total_competing_seats]
  완주             n=587  중앙값=    45,388 25%=    16,261 75%=   118,492
  중단-모집실패        n=109  중앙값=    50,215 25%=    25,892 75%=   106,913
  중단-경쟁환경        n=6    중앙값=    74,394 25%=    39,353 75%=   135,629
  중단-과학적         n=107  중앙값=    83,760 25%=    37,668 75%=   130,101
  중단-경영          n=138  중앙값=    83,114 25%=    41,377 75%=   133,458
  AUC 모집실패 vs 완주 = 0.57  95% CI [0.523, 0.622]
  AUC 경쟁환경 vs 완주 = 0.645  (n=6, 참고용)
