[resume] 기존 471건 건너뜀
[search] non-small cell lung cancer / TERMINATED: 60건
  → 누적 491건
[search] non-small cell lung cancer / WITHDRAWN: 60건
  → 누적 511건
[search] atopic dermatitis / TERMINATED: 22건
  → 누적 511건
[search] atopic dermatitis / WITHDRAWN: 5건
  → 누적 511건
[search] type 2 diabetes / TERMINATED: 51건
  → 누적 522건
[search] type 2 diabetes / WITHDRAWN: 19건
  → 누적 522건
[search] rheumatoid arthritis / TERMINATED: 45건
  → 누적 527건
[search] rheumatoid arthritis / WITHDRAWN: 13건
  → 누적 527건
[search] alzheimer disease / TERMINATED: 43건
  → 누적 530건
[search] alzheimer disease / WITHDRAWN: 12건
  → 누적 530건
[search] pancreatic cancer / TERMINATED: 60건
  → 누적 590건
[search] pancreatic cancer / WITHDRAWN: 34건
  → 누적 624건
[search] glioblastoma / TERMINATED: 60건
  → 누적 684건
[search] glioblastoma / WITHDRAWN: 22건
  → 누적 706건
[search] amyotrophic lateral sclerosis / TERMINATED: 13건
  → 누적 719건
[search] amyotrophic lateral sclerosis / WITHDRAWN: 6건
  → 누적 725건
[search] idiopathic pulmonary fibrosis / TERMINATED: 13건
  → 누적 738건
[search] idiopathic pulmonary fibrosis / WITHDRAWN: 5건
  → 누적 743건
[search] systemic lupus erythematosus / TERMINATED: 23건
  → 누적 764건
[search] systemic lupus erythematosus / WITHDRAWN: 2건
  → 누적 765건
[search] sickle cell disease / TERMINATED: 24건
  → 누적 788건
[search] sickle cell disease / WITHDRAWN: 9건
  → 누적 797건
[search] cystic fibrosis / TERMINATED: 25건
  → 누적 822건
[search] cystic fibrosis / WITHDRAWN: 2건
  → 누적 824건
[search] acute myeloid leukemia / TERMINATED: 60건
  → 누적 882건
[search] acute myeloid leukemia / WITHDRAWN: 43건
  → 누적 925건
[search] ovarian cancer / TERMINATED: 60건
  → 누적 976건
[search] ovarian cancer / WITHDRAWN: 24건
  → 누적 999건
[search] heart failure / TERMINATED: 55건
  → 누적 1051건
[search] heart failure / WITHDRAWN: 21건
  → 누적 1072건
