[search] non-small cell lung cancer / TERMINATED: 40건
  → 누적 40건
[search] non-small cell lung cancer / WITHDRAWN: 40건
  → 누적 80건
[search] non-small cell lung cancer / COMPLETED: 40건
  → 누적 120건
[search] atopic dermatitis / TERMINATED: 22건
  → 누적 142건
[search] atopic dermatitis / WITHDRAWN: 5건
  → 누적 147건
[search] atopic dermatitis / COMPLETED: 40건
  → 누적 187건
[search] type 2 diabetes / TERMINATED: 40건
  → 누적 227건
[search] type 2 diabetes / WITHDRAWN: 19건
  → 누적 246건
[search] type 2 diabetes / COMPLETED: 40건
  → 누적 286건
[search] rheumatoid arthritis / TERMINATED: 40건
  → 누적 326건
[search] rheumatoid arthritis / WITHDRAWN: 13건
  → 누적 339건
[search] rheumatoid arthritis / COMPLETED: 40건
  → 누적 379건
[search] alzheimer disease / TERMINATED: 40건
  → 누적 419건
[search] alzheimer disease / WITHDRAWN: 12건
  → 누적 431건
[search] alzheimer disease / COMPLETED: 40건
  → 누적 471건
